nohup: ignoring input
INFO:     Uvicorn running on http://0.0.0.0:8000 (Press CTRL+C to quit)
INFO:     Started parent process [512106]
ERROR:    Error loading ASGI app. Could not import module "main".
ERROR:    Error loading ASGI app. Could not import module "main".
INFO:     Waiting for child process [512108]
INFO:     Child process [512108] died
INFO:     Waiting for child process [512109]
INFO:     Child process [512109] died
ERROR:    Error loading ASGI app. Could not import module "main".
ERROR:    Error loading ASGI app. Could not import module "main".
INFO:     Waiting for child process [512112]
INFO:     Child process [512112] died
INFO:     Waiting for child process [512113]
INFO:     Child process [512113] died
ERROR:    Error loading ASGI app. Could not import module "main".
ERROR:    Error loading ASGI app. Could not import module "main".
INFO:     Waiting for child process [512118]
INFO:     Child process [512118] died
INFO:     Waiting for child process [512119]
INFO:     Child process [512119] died
ERROR:    Error loading ASGI app. Could not import module "main".
ERROR:    Error loading ASGI app. Could not import module "main".
INFO:     Waiting for child process [512122]
INFO:     Child process [512122] died
INFO:     Waiting for child process [512123]
INFO:     Child process [512123] died
ERROR:    Error loading ASGI app. Could not import module "main".
ERROR:    Error loading ASGI app. Could not import module "main".
INFO:     Waiting for child process [512126]
INFO:     Child process [512126] died
INFO:     Waiting for child process [512127]
INFO:     Child process [512127] died
ERROR:    Error loading ASGI app. Could not import module "main".
ERROR:    Error loading ASGI app. Could not import module "main".
INFO:     Waiting for child process [512130]
INFO:     Child process [512130] died
INFO:     Waiting for child process [512131]
INFO:     Child process [512131] died
ERROR:    Error loading ASGI app. Could not import module "main".
ERROR:    Error loading ASGI app. Could not import module "main".
INFO:     Waiting for child process [512136]
INFO:     Child process [512136] died
INFO:     Waiting for child process [512137]
INFO:     Child process [512137] died
ERROR:    Error loading ASGI app. Could not import module "main".
ERROR:    Error loading ASGI app. Could not import module "main".
INFO:     Waiting for child process [512140]
INFO:     Child process [512140] died
INFO:     Waiting for child process [512141]
INFO:     Child process [512141] died
ERROR:    Error loading ASGI app. Could not import module "main".
ERROR:    Error loading ASGI app. Could not import module "main".
INFO:     Waiting for child process [512144]
INFO:     Child process [512144] died
INFO:     Waiting for child process [512145]
INFO:     Child process [512145] died
ERROR:    Error loading ASGI app. Could not import module "main".
ERROR:    Error loading ASGI app. Could not import module "main".
INFO:     Waiting for child process [512148]
INFO:     Child process [512148] died
INFO:     Waiting for child process [512149]
INFO:     Child process [512149] died
ERROR:    Error loading ASGI app. Could not import module "main".
ERROR:    Error loading ASGI app. Could not import module "main".
INFO:     Waiting for child process [512152]
INFO:     Child process [512152] died
INFO:     Waiting for child process [512153]
INFO:     Child process [512153] died
ERROR:    Error loading ASGI app. Could not import module "main".
ERROR:    Error loading ASGI app. Could not import module "main".
INFO:     Waiting for child process [512156]
INFO:     Child process [512156] died
INFO:     Waiting for child process [512157]
INFO:     Child process [512157] died
ERROR:    Error loading ASGI app. Could not import module "main".
ERROR:    Error loading ASGI app. Could not import module "main".
INFO:     Waiting for child process [512160]
INFO:     Child process [512160] died
INFO:     Waiting for child process [512161]
INFO:     Child process [512161] died
ERROR:    Error loading ASGI app. Could not import module "main".
ERROR:    Error loading ASGI app. Could not import module "main".
INFO:     Waiting for child process [512164]
INFO:     Child process [512164] died
INFO:     Waiting for child process [512165]
INFO:     Child process [512165] died
ERROR:    Error loading ASGI app. Could not import module "main".
ERROR:    Error loading ASGI app. Could not import module "main".
INFO:     Waiting for child process [512168]
INFO:     Child process [512168] died
INFO:     Waiting for child process [512169]
INFO:     Child process [512169] died
ERROR:    Error loading ASGI app. Could not import module "main".
ERROR:    Error loading ASGI app. Could not import module "main".
INFO:     Waiting for child process [512172]
INFO:     Child process [512172] died
INFO:     Waiting for child process [512173]
INFO:     Child process [512173] died
ERROR:    Error loading ASGI app. Could not import module "main".
ERROR:    Error loading ASGI app. Could not import module "main".
INFO:     Waiting for child process [512176]
INFO:     Child process [512176] died
INFO:     Waiting for child process [512177]
INFO:     Child process [512177] died
ERROR:    Error loading ASGI app. Could not import module "main".
ERROR:    Error loading ASGI app. Could not import module "main".
INFO:     Waiting for child process [512180]
INFO:     Child process [512180] died
INFO:     Waiting for child process [512181]
INFO:     Child process [512181] died
ERROR:    Error loading ASGI app. Could not import module "main".
ERROR:    Error loading ASGI app. Could not import module "main".
INFO:     Waiting for child process [512184]
INFO:     Child process [512184] died
INFO:     Waiting for child process [512185]
INFO:     Child process [512185] died
ERROR:    Error loading ASGI app. Could not import module "main".
ERROR:    Error loading ASGI app. Could not import module "main".
INFO:     Waiting for child process [512190]
INFO:     Child process [512190] died
INFO:     Waiting for child process [512191]
INFO:     Child process [512191] died
ERROR:    Error loading ASGI app. Could not import module "main".
ERROR:    Error loading ASGI app. Could not import module "main".
INFO:     Waiting for child process [512195]
INFO:     Child process [512195] died
INFO:     Waiting for child process [512196]
INFO:     Child process [512196] died
ERROR:    Error loading ASGI app. Could not import module "main".
ERROR:    Error loading ASGI app. Could not import module "main".
INFO:     Waiting for child process [512199]
INFO:     Child process [512199] died
INFO:     Waiting for child process [512200]
INFO:     Child process [512200] died
ERROR:    Error loading ASGI app. Could not import module "main".
ERROR:    Error loading ASGI app. Could not import module "main".
INFO:     Waiting for child process [512204]
INFO:     Child process [512204] died
INFO:     Waiting for child process [512205]
INFO:     Child process [512205] died
ERROR:    Error loading ASGI app. Could not import module "main".
ERROR:    Error loading ASGI app. Could not import module "main".
INFO:     Waiting for child process [512208]
INFO:     Child process [512208] died
INFO:     Waiting for child process [512209]
INFO:     Child process [512209] died
ERROR:    Error loading ASGI app. Could not import module "main".
ERROR:    Error loading ASGI app. Could not import module "main".
INFO:     Waiting for child process [512212]
INFO:     Child process [512212] died
INFO:     Waiting for child process [512213]
INFO:     Child process [512213] died
ERROR:    Error loading ASGI app. Could not import module "main".
ERROR:    Error loading ASGI app. Could not import module "main".
INFO:     Waiting for child process [512216]
INFO:     Child process [512216] died
INFO:     Waiting for child process [512217]
INFO:     Child process [512217] died
ERROR:    Error loading ASGI app. Could not import module "main".
ERROR:    Error loading ASGI app. Could not import module "main".
INFO:     Waiting for child process [512220]
INFO:     Child process [512220] died
INFO:     Waiting for child process [512221]
INFO:     Child process [512221] died
ERROR:    Error loading ASGI app. Could not import module "main".
ERROR:    Error loading ASGI app. Could not import module "main".
INFO:     Waiting for child process [512224]
INFO:     Child process [512224] died
INFO:     Waiting for child process [512225]
INFO:     Child process [512225] died
ERROR:    Error loading ASGI app. Could not import module "main".
ERROR:    Error loading ASGI app. Could not import module "main".
INFO:     Waiting for child process [512228]
INFO:     Child process [512228] died
INFO:     Waiting for child process [512229]
INFO:     Child process [512229] died
ERROR:    Error loading ASGI app. Could not import module "main".
ERROR:    Error loading ASGI app. Could not import module "main".
INFO:     Waiting for child process [512232]
INFO:     Child process [512232] died
INFO:     Waiting for child process [512233]
INFO:     Child process [512233] died
ERROR:    Error loading ASGI app. Could not import module "main".
ERROR:    Error loading ASGI app. Could not import module "main".
INFO:     Waiting for child process [512236]
INFO:     Child process [512236] died
INFO:     Waiting for child process [512237]
INFO:     Child process [512237] died
ERROR:    Error loading ASGI app. Could not import module "main".
ERROR:    Error loading ASGI app. Could not import module "main".
INFO:     Waiting for child process [512240]
INFO:     Child process [512240] died
INFO:     Waiting for child process [512241]
INFO:     Child process [512241] died
ERROR:    Error loading ASGI app. Could not import module "main".
ERROR:    Error loading ASGI app. Could not import module "main".
INFO:     Waiting for child process [512244]
INFO:     Child process [512244] died
INFO:     Waiting for child process [512245]
INFO:     Child process [512245] died
ERROR:    Error loading ASGI app. Could not import module "main".
ERROR:    Error loading ASGI app. Could not import module "main".
INFO:     Waiting for child process [512248]
INFO:     Child process [512248] died
INFO:     Waiting for child process [512249]
INFO:     Child process [512249] died
ERROR:    Error loading ASGI app. Could not import module "main".
ERROR:    Error loading ASGI app. Could not import module "main".
INFO:     Waiting for child process [512252]
INFO:     Child process [512252] died
INFO:     Waiting for child process [512253]
INFO:     Child process [512253] died
ERROR:    Error loading ASGI app. Could not import module "main".
ERROR:    Error loading ASGI app. Could not import module "main".
INFO:     Waiting for child process [512256]
INFO:     Child process [512256] died
INFO:     Waiting for child process [512257]
INFO:     Child process [512257] died
ERROR:    Error loading ASGI app. Could not import module "main".
ERROR:    Error loading ASGI app. Could not import module "main".
INFO:     Waiting for child process [512260]
INFO:     Child process [512260] died
INFO:     Waiting for child process [512261]
INFO:     Child process [512261] died
ERROR:    Error loading ASGI app. Could not import module "main".
ERROR:    Error loading ASGI app. Could not import module "main".
INFO:     Waiting for child process [512264]
INFO:     Child process [512264] died
INFO:     Waiting for child process [512265]
INFO:     Child process [512265] died
ERROR:    Error loading ASGI app. Could not import module "main".
ERROR:    Error loading ASGI app. Could not import module "main".
INFO:     Waiting for child process [512268]
INFO:     Child process [512268] died
INFO:     Waiting for child process [512269]
INFO:     Child process [512269] died
ERROR:    Error loading ASGI app. Could not import module "main".
ERROR:    Error loading ASGI app. Could not import module "main".
INFO:     Waiting for child process [512272]
INFO:     Child process [512272] died
INFO:     Waiting for child process [512273]
INFO:     Child process [512273] died
ERROR:    Error loading ASGI app. Could not import module "main".
ERROR:    Error loading ASGI app. Could not import module "main".
INFO:     Waiting for child process [512276]
INFO:     Child process [512276] died
INFO:     Waiting for child process [512277]
INFO:     Child process [512277] died
ERROR:    Error loading ASGI app. Could not import module "main".
ERROR:    Error loading ASGI app. Could not import module "main".
INFO:     Waiting for child process [512280]
INFO:     Child process [512280] died
INFO:     Waiting for child process [512281]
INFO:     Child process [512281] died
ERROR:    Error loading ASGI app. Could not import module "main".
ERROR:    Error loading ASGI app. Could not import module "main".
INFO:     Waiting for child process [512284]
INFO:     Child process [512284] died
INFO:     Waiting for child process [512285]
INFO:     Child process [512285] died
ERROR:    Error loading ASGI app. Could not import module "main".
ERROR:    Error loading ASGI app. Could not import module "main".
INFO:     Waiting for child process [512288]
INFO:     Child process [512288] died
INFO:     Waiting for child process [512289]
INFO:     Child process [512289] died
ERROR:    Error loading ASGI app. Could not import module "main".
ERROR:    Error loading ASGI app. Could not import module "main".
INFO:     Waiting for child process [512292]
INFO:     Child process [512292] died
INFO:     Waiting for child process [512293]
INFO:     Child process [512293] died
ERROR:    Error loading ASGI app. Could not import module "main".
ERROR:    Error loading ASGI app. Could not import module "main".
INFO:     Waiting for child process [512296]
INFO:     Child process [512296] died
INFO:     Waiting for child process [512297]
INFO:     Child process [512297] died
ERROR:    Error loading ASGI app. Could not import module "main".
ERROR:    Error loading ASGI app. Could not import module "main".
INFO:     Waiting for child process [512300]
INFO:     Child process [512300] died
INFO:     Waiting for child process [512301]
INFO:     Child process [512301] died
ERROR:    Error loading ASGI app. Could not import module "main".
ERROR:    Error loading ASGI app. Could not import module "main".
INFO:     Waiting for child process [512304]
INFO:     Child process [512304] died
INFO:     Waiting for child process [512305]
INFO:     Child process [512305] died
ERROR:    Error loading ASGI app. Could not import module "main".
ERROR:    Error loading ASGI app. Could not import module "main".
INFO:     Waiting for child process [512308]
INFO:     Child process [512308] died
INFO:     Waiting for child process [512309]
INFO:     Child process [512309] died
ERROR:    Error loading ASGI app. Could not import module "main".
ERROR:    Error loading ASGI app. Could not import module "main".
INFO:     Waiting for child process [512312]
INFO:     Child process [512312] died
INFO:     Waiting for child process [512313]
INFO:     Child process [512313] died
ERROR:    Error loading ASGI app. Could not import module "main".
ERROR:    Error loading ASGI app. Could not import module "main".
INFO:     Waiting for child process [512317]
INFO:     Child process [512317] died
INFO:     Waiting for child process [512318]
INFO:     Child process [512318] died
ERROR:    Error loading ASGI app. Could not import module "main".
ERROR:    Error loading ASGI app. Could not import module "main".
INFO:     Waiting for child process [512322]
INFO:     Child process [512322] died
INFO:     Waiting for child process [512323]
INFO:     Child process [512323] died
ERROR:    Error loading ASGI app. Could not import module "main".
ERROR:    Error loading ASGI app. Could not import module "main".
INFO:     Waiting for child process [512326]
INFO:     Child process [512326] died
INFO:     Waiting for child process [512327]
INFO:     Child process [512327] died
ERROR:    Error loading ASGI app. Could not import module "main".
ERROR:    Error loading ASGI app. Could not import module "main".
INFO:     Waiting for child process [512330]
INFO:     Child process [512330] died
INFO:     Waiting for child process [512331]
INFO:     Child process [512331] died
ERROR:    Error loading ASGI app. Could not import module "main".
ERROR:    Error loading ASGI app. Could not import module "main".
INFO:     Waiting for child process [512334]
INFO:     Child process [512334] died
INFO:     Waiting for child process [512335]
INFO:     Child process [512335] died
ERROR:    Error loading ASGI app. Could not import module "main".
ERROR:    Error loading ASGI app. Could not import module "main".
INFO:     Waiting for child process [512338]
INFO:     Child process [512338] died
INFO:     Waiting for child process [512339]
INFO:     Child process [512339] died
ERROR:    Error loading ASGI app. Could not import module "main".
ERROR:    Error loading ASGI app. Could not import module "main".
INFO:     Waiting for child process [512342]
INFO:     Child process [512342] died
INFO:     Waiting for child process [512343]
INFO:     Child process [512343] died
ERROR:    Error loading ASGI app. Could not import module "main".
ERROR:    Error loading ASGI app. Could not import module "main".
INFO:     Waiting for child process [512346]
INFO:     Child process [512346] died
INFO:     Waiting for child process [512347]
INFO:     Child process [512347] died
ERROR:    Error loading ASGI app. Could not import module "main".
ERROR:    Error loading ASGI app. Could not import module "main".
INFO:     Waiting for child process [512350]
INFO:     Child process [512350] died
INFO:     Waiting for child process [512351]
INFO:     Child process [512351] died
ERROR:    Error loading ASGI app. Could not import module "main".
ERROR:    Error loading ASGI app. Could not import module "main".
INFO:     Waiting for child process [512354]
INFO:     Child process [512354] died
INFO:     Waiting for child process [512355]
INFO:     Child process [512355] died
ERROR:    Error loading ASGI app. Could not import module "main".
ERROR:    Error loading ASGI app. Could not import module "main".
INFO:     Waiting for child process [512358]
INFO:     Child process [512358] died
INFO:     Waiting for child process [512359]
INFO:     Child process [512359] died
ERROR:    Error loading ASGI app. Could not import module "main".
ERROR:    Error loading ASGI app. Could not import module "main".
INFO:     Waiting for child process [512363]
INFO:     Child process [512363] died
INFO:     Waiting for child process [512364]
INFO:     Child process [512364] died
ERROR:    Error loading ASGI app. Could not import module "main".
ERROR:    Error loading ASGI app. Could not import module "main".
INFO:     Waiting for child process [512368]
INFO:     Child process [512368] died
INFO:     Waiting for child process [512369]
INFO:     Child process [512369] died
ERROR:    Error loading ASGI app. Could not import module "main".
ERROR:    Error loading ASGI app. Could not import module "main".
INFO:     Waiting for child process [512372]
INFO:     Child process [512372] died
INFO:     Waiting for child process [512373]
INFO:     Child process [512373] died
ERROR:    Error loading ASGI app. Could not import module "main".
ERROR:    Error loading ASGI app. Could not import module "main".
INFO:     Waiting for child process [512376]
INFO:     Child process [512376] died
INFO:     Waiting for child process [512377]
INFO:     Child process [512377] died
ERROR:    Error loading ASGI app. Could not import module "main".
ERROR:    Error loading ASGI app. Could not import module "main".
INFO:     Waiting for child process [512380]
INFO:     Child process [512380] died
INFO:     Waiting for child process [512381]
INFO:     Child process [512381] died
ERROR:    Error loading ASGI app. Could not import module "main".
ERROR:    Error loading ASGI app. Could not import module "main".
INFO:     Waiting for child process [512384]
INFO:     Child process [512384] died
INFO:     Waiting for child process [512385]
INFO:     Child process [512385] died
ERROR:    Error loading ASGI app. Could not import module "main".
ERROR:    Error loading ASGI app. Could not import module "main".
INFO:     Waiting for child process [512388]
INFO:     Child process [512388] died
INFO:     Waiting for child process [512389]
INFO:     Child process [512389] died
ERROR:    Error loading ASGI app. Could not import module "main".
ERROR:    Error loading ASGI app. Could not import module "main".
INFO:     Waiting for child process [512392]
INFO:     Child process [512392] died
INFO:     Waiting for child process [512393]
INFO:     Child process [512393] died
ERROR:    Error loading ASGI app. Could not import module "main".
ERROR:    Error loading ASGI app. Could not import module "main".
INFO:     Waiting for child process [512396]
INFO:     Child process [512396] died
INFO:     Waiting for child process [512397]
INFO:     Child process [512397] died
ERROR:    Error loading ASGI app. Could not import module "main".
ERROR:    Error loading ASGI app. Could not import module "main".
INFO:     Waiting for child process [512400]
INFO:     Child process [512400] died
INFO:     Waiting for child process [512401]
INFO:     Child process [512401] died
ERROR:    Error loading ASGI app. Could not import module "main".
ERROR:    Error loading ASGI app. Could not import module "main".
INFO:     Waiting for child process [512404]
INFO:     Child process [512404] died
INFO:     Waiting for child process [512405]
INFO:     Child process [512405] died
ERROR:    Error loading ASGI app. Could not import module "main".
ERROR:    Error loading ASGI app. Could not import module "main".
INFO:     Waiting for child process [512408]
INFO:     Child process [512408] died
INFO:     Waiting for child process [512409]
INFO:     Child process [512409] died
ERROR:    Error loading ASGI app. Could not import module "main".
ERROR:    Error loading ASGI app. Could not import module "main".
INFO:     Waiting for child process [512412]
INFO:     Child process [512412] died
INFO:     Waiting for child process [512413]
INFO:     Child process [512413] died
ERROR:    Error loading ASGI app. Could not import module "main".
ERROR:    Error loading ASGI app. Could not import module "main".
INFO:     Waiting for child process [512416]
INFO:     Child process [512416] died
INFO:     Waiting for child process [512417]
INFO:     Child process [512417] died
ERROR:    Error loading ASGI app. Could not import module "main".
ERROR:    Error loading ASGI app. Could not import module "main".
INFO:     Waiting for child process [512420]
INFO:     Child process [512420] died
INFO:     Waiting for child process [512421]
INFO:     Child process [512421] died
ERROR:    Error loading ASGI app. Could not import module "main".
ERROR:    Error loading ASGI app. Could not import module "main".
INFO:     Waiting for child process [512424]
INFO:     Child process [512424] died
INFO:     Waiting for child process [512425]
INFO:     Child process [512425] died
ERROR:    Error loading ASGI app. Could not import module "main".
ERROR:    Error loading ASGI app. Could not import module "main".
INFO:     Waiting for child process [512428]
INFO:     Child process [512428] died
INFO:     Waiting for child process [512429]
INFO:     Child process [512429] died
ERROR:    Error loading ASGI app. Could not import module "main".
ERROR:    Error loading ASGI app. Could not import module "main".
INFO:     Waiting for child process [512432]
INFO:     Child process [512432] died
INFO:     Waiting for child process [512433]
INFO:     Child process [512433] died
ERROR:    Error loading ASGI app. Could not import module "main".
ERROR:    Error loading ASGI app. Could not import module "main".
INFO:     Waiting for child process [512436]
INFO:     Child process [512436] died
INFO:     Waiting for child process [512437]
INFO:     Child process [512437] died
ERROR:    Error loading ASGI app. Could not import module "main".
ERROR:    Error loading ASGI app. Could not import module "main".
INFO:     Waiting for child process [512440]
INFO:     Child process [512440] died
INFO:     Waiting for child process [512441]
INFO:     Child process [512441] died
ERROR:    Error loading ASGI app. Could not import module "main".
ERROR:    Error loading ASGI app. Could not import module "main".
INFO:     Waiting for child process [512446]
INFO:     Child process [512446] died
INFO:     Waiting for child process [512447]
INFO:     Child process [512447] died
ERROR:    Error loading ASGI app. Could not import module "main".
ERROR:    Error loading ASGI app. Could not import module "main".
INFO:     Waiting for child process [512450]
INFO:     Child process [512450] died
INFO:     Waiting for child process [512451]
INFO:     Child process [512451] died
ERROR:    Error loading ASGI app. Could not import module "main".
ERROR:    Error loading ASGI app. Could not import module "main".
INFO:     Waiting for child process [512454]
INFO:     Child process [512454] died
INFO:     Waiting for child process [512455]
INFO:     Child process [512455] died
ERROR:    Error loading ASGI app. Could not import module "main".
ERROR:    Error loading ASGI app. Could not import module "main".
INFO:     Waiting for child process [512458]
INFO:     Child process [512458] died
INFO:     Waiting for child process [512459]
INFO:     Child process [512459] died
ERROR:    Error loading ASGI app. Could not import module "main".
ERROR:    Error loading ASGI app. Could not import module "main".
INFO:     Waiting for child process [512462]
INFO:     Child process [512462] died
INFO:     Waiting for child process [512463]
INFO:     Child process [512463] died
ERROR:    Error loading ASGI app. Could not import module "main".
ERROR:    Error loading ASGI app. Could not import module "main".
INFO:     Waiting for child process [512466]
INFO:     Child process [512466] died
INFO:     Waiting for child process [512467]
INFO:     Child process [512467] died
ERROR:    Error loading ASGI app. Could not import module "main".
ERROR:    Error loading ASGI app. Could not import module "main".
INFO:     Waiting for child process [512470]
INFO:     Child process [512470] died
INFO:     Waiting for child process [512471]
INFO:     Child process [512471] died
ERROR:    Error loading ASGI app. Could not import module "main".
ERROR:    Error loading ASGI app. Could not import module "main".
INFO:     Waiting for child process [512474]
INFO:     Child process [512474] died
INFO:     Waiting for child process [512475]
INFO:     Child process [512475] died
ERROR:    Error loading ASGI app. Could not import module "main".
ERROR:    Error loading ASGI app. Could not import module "main".
INFO:     Waiting for child process [512478]
INFO:     Child process [512478] died
INFO:     Waiting for child process [512479]
INFO:     Child process [512479] died
ERROR:    Error loading ASGI app. Could not import module "main".
ERROR:    Error loading ASGI app. Could not import module "main".
INFO:     Waiting for child process [512483]
INFO:     Child process [512483] died
INFO:     Waiting for child process [512484]
INFO:     Child process [512484] died
ERROR:    Error loading ASGI app. Could not import module "main".
ERROR:    Error loading ASGI app. Could not import module "main".
INFO:     Waiting for child process [512487]
INFO:     Child process [512487] died
INFO:     Waiting for child process [512488]
INFO:     Child process [512488] died
ERROR:    Error loading ASGI app. Could not import module "main".
ERROR:    Error loading ASGI app. Could not import module "main".
INFO:     Waiting for child process [512492]
INFO:     Child process [512492] died
INFO:     Waiting for child process [512493]
INFO:     Child process [512493] died
ERROR:    Error loading ASGI app. Could not import module "main".
ERROR:    Error loading ASGI app. Could not import module "main".
INFO:     Waiting for child process [512496]
INFO:     Child process [512496] died
INFO:     Waiting for child process [512497]
INFO:     Child process [512497] died
ERROR:    Error loading ASGI app. Could not import module "main".
ERROR:    Error loading ASGI app. Could not import module "main".
INFO:     Waiting for child process [512500]
INFO:     Child process [512500] died
INFO:     Waiting for child process [512501]
INFO:     Child process [512501] died
ERROR:    Error loading ASGI app. Could not import module "main".
ERROR:    Error loading ASGI app. Could not import module "main".
INFO:     Waiting for child process [512504]
INFO:     Child process [512504] died
INFO:     Waiting for child process [512505]
INFO:     Child process [512505] died
ERROR:    Error loading ASGI app. Could not import module "main".
ERROR:    Error loading ASGI app. Could not import module "main".
INFO:     Waiting for child process [512508]
INFO:     Child process [512508] died
INFO:     Waiting for child process [512509]
INFO:     Child process [512509] died
ERROR:    Error loading ASGI app. Could not import module "main".
ERROR:    Error loading ASGI app. Could not import module "main".
INFO:     Waiting for child process [512512]
INFO:     Child process [512512] died
INFO:     Waiting for child process [512513]
INFO:     Child process [512513] died
ERROR:    Error loading ASGI app. Could not import module "main".
ERROR:    Error loading ASGI app. Could not import module "main".
INFO:     Waiting for child process [512516]
INFO:     Child process [512516] died
INFO:     Waiting for child process [512517]
INFO:     Child process [512517] died
ERROR:    Error loading ASGI app. Could not import module "main".
ERROR:    Error loading ASGI app. Could not import module "main".
INFO:     Waiting for child process [512520]
INFO:     Child process [512520] died
INFO:     Waiting for child process [512521]
INFO:     Child process [512521] died
ERROR:    Error loading ASGI app. Could not import module "main".
ERROR:    Error loading ASGI app. Could not import module "main".
INFO:     Waiting for child process [512524]
INFO:     Child process [512524] died
INFO:     Waiting for child process [512525]
INFO:     Child process [512525] died
ERROR:    Error loading ASGI app. Could not import module "main".
ERROR:    Error loading ASGI app. Could not import module "main".
INFO:     Waiting for child process [512528]
INFO:     Child process [512528] died
INFO:     Waiting for child process [512529]
INFO:     Child process [512529] died
ERROR:    Error loading ASGI app. Could not import module "main".
ERROR:    Error loading ASGI app. Could not import module "main".
INFO:     Waiting for child process [512532]
INFO:     Child process [512532] died
INFO:     Waiting for child process [512533]
INFO:     Child process [512533] died
ERROR:    Error loading ASGI app. Could not import module "main".
ERROR:    Error loading ASGI app. Could not import module "main".
INFO:     Waiting for child process [512536]
INFO:     Child process [512536] died
INFO:     Waiting for child process [512537]
INFO:     Child process [512537] died
ERROR:    Error loading ASGI app. Could not import module "main".
ERROR:    Error loading ASGI app. Could not import module "main".
INFO:     Waiting for child process [512540]
INFO:     Child process [512540] died
INFO:     Waiting for child process [512541]
INFO:     Child process [512541] died
ERROR:    Error loading ASGI app. Could not import module "main".
ERROR:    Error loading ASGI app. Could not import module "main".
INFO:     Waiting for child process [512546]
INFO:     Child process [512546] died
INFO:     Waiting for child process [512547]
INFO:     Child process [512547] died
ERROR:    Error loading ASGI app. Could not import module "main".
ERROR:    Error loading ASGI app. Could not import module "main".
INFO:     Waiting for child process [512550]
INFO:     Child process [512550] died
INFO:     Waiting for child process [512551]
INFO:     Child process [512551] died
ERROR:    Error loading ASGI app. Could not import module "main".
ERROR:    Error loading ASGI app. Could not import module "main".
INFO:     Waiting for child process [512554]
INFO:     Child process [512554] died
INFO:     Waiting for child process [512555]
INFO:     Child process [512555] died
ERROR:    Error loading ASGI app. Could not import module "main".
ERROR:    Error loading ASGI app. Could not import module "main".
INFO:     Waiting for child process [512560]
INFO:     Child process [512560] died
INFO:     Waiting for child process [512561]
INFO:     Child process [512561] died
ERROR:    Error loading ASGI app. Could not import module "main".
ERROR:    Error loading ASGI app. Could not import module "main".
INFO:     Waiting for child process [512564]
INFO:     Child process [512564] died
INFO:     Waiting for child process [512565]
INFO:     Child process [512565] died
ERROR:    Error loading ASGI app. Could not import module "main".
ERROR:    Error loading ASGI app. Could not import module "main".
INFO:     Waiting for child process [512568]
INFO:     Child process [512568] died
INFO:     Waiting for child process [512569]
INFO:     Child process [512569] died
ERROR:    Error loading ASGI app. Could not import module "main".
ERROR:    Error loading ASGI app. Could not import module "main".
INFO:     Waiting for child process [512572]
INFO:     Child process [512572] died
INFO:     Waiting for child process [512573]
INFO:     Child process [512573] died
ERROR:    Error loading ASGI app. Could not import module "main".
ERROR:    Error loading ASGI app. Could not import module "main".
INFO:     Waiting for child process [512576]
INFO:     Child process [512576] died
INFO:     Waiting for child process [512577]
INFO:     Child process [512577] died
ERROR:    Error loading ASGI app. Could not import module "main".
ERROR:    Error loading ASGI app. Could not import module "main".
INFO:     Waiting for child process [512580]
INFO:     Child process [512580] died
INFO:     Waiting for child process [512581]
INFO:     Child process [512581] died
ERROR:    Error loading ASGI app. Could not import module "main".
ERROR:    Error loading ASGI app. Could not import module "main".
INFO:     Waiting for child process [512584]
INFO:     Child process [512584] died
INFO:     Waiting for child process [512585]
INFO:     Child process [512585] died
ERROR:    Error loading ASGI app. Could not import module "main".
ERROR:    Error loading ASGI app. Could not import module "main".
INFO:     Waiting for child process [512588]
INFO:     Child process [512588] died
INFO:     Waiting for child process [512589]
INFO:     Child process [512589] died
ERROR:    Error loading ASGI app. Could not import module "main".
ERROR:    Error loading ASGI app. Could not import module "main".
INFO:     Waiting for child process [512592]
INFO:     Child process [512592] died
INFO:     Waiting for child process [512593]
INFO:     Child process [512593] died
ERROR:    Error loading ASGI app. Could not import module "main".
ERROR:    Error loading ASGI app. Could not import module "main".
INFO:     Waiting for child process [512596]
INFO:     Child process [512596] died
INFO:     Waiting for child process [512597]
INFO:     Child process [512597] died
ERROR:    Error loading ASGI app. Could not import module "main".
ERROR:    Error loading ASGI app. Could not import module "main".
INFO:     Waiting for child process [512600]
INFO:     Child process [512600] died
INFO:     Waiting for child process [512601]
INFO:     Child process [512601] died
ERROR:    Error loading ASGI app. Could not import module "main".
ERROR:    Error loading ASGI app. Could not import module "main".
INFO:     Waiting for child process [512604]
INFO:     Child process [512604] died
INFO:     Waiting for child process [512605]
INFO:     Child process [512605] died
ERROR:    Error loading ASGI app. Could not import module "main".
ERROR:    Error loading ASGI app. Could not import module "main".
INFO:     Waiting for child process [512608]
INFO:     Child process [512608] died
INFO:     Waiting for child process [512609]
INFO:     Child process [512609] died
ERROR:    Error loading ASGI app. Could not import module "main".
ERROR:    Error loading ASGI app. Could not import module "main".
INFO:     Waiting for child process [512613]
INFO:     Child process [512613] died
INFO:     Waiting for child process [512614]
INFO:     Child process [512614] died
ERROR:    Error loading ASGI app. Could not import module "main".
ERROR:    Error loading ASGI app. Could not import module "main".
INFO:     Waiting for child process [512618]
INFO:     Child process [512618] died
INFO:     Waiting for child process [512619]
INFO:     Child process [512619] died
ERROR:    Error loading ASGI app. Could not import module "main".
ERROR:    Error loading ASGI app. Could not import module "main".
INFO:     Waiting for child process [512622]
INFO:     Child process [512622] died
INFO:     Waiting for child process [512623]
INFO:     Child process [512623] died
ERROR:    Error loading ASGI app. Could not import module "main".
ERROR:    Error loading ASGI app. Could not import module "main".
INFO:     Waiting for child process [512626]
INFO:     Child process [512626] died
INFO:     Waiting for child process [512627]
INFO:     Child process [512627] died
ERROR:    Error loading ASGI app. Could not import module "main".
ERROR:    Error loading ASGI app. Could not import module "main".
INFO:     Waiting for child process [512630]
INFO:     Child process [512630] died
INFO:     Waiting for child process [512631]
INFO:     Child process [512631] died
ERROR:    Error loading ASGI app. Could not import module "main".
ERROR:    Error loading ASGI app. Could not import module "main".
INFO:     Received SIGTERM, exiting.
INFO:     Waiting for child process [512634]
INFO:     Waiting for child process [512635]
INFO:     Stopping parent process [512106]
