2026-02-23 10:39:28,532 - exim_tms - INFO - Starting Exim TMS API Application...
2026-02-23 10:39:32,556 - exim_tms - INFO - Starting Exim TMS API Application...
2026-02-23 10:39:34,560 - exim_tms - INFO - Starting Exim TMS API Application...
2026-02-23 10:49:55,325 - exim_tms - INFO - Starting Exim TMS API Application...
2026-02-23 10:49:56,486 - exim_tms - INFO - Starting Exim TMS API Application...
2026-02-23 11:01:48,462 - exim_tms - ERROR - Error fetching clients for config.js: (psycopg2.OperationalError) server closed the connection unexpectedly
	This probably means the server terminated abnormally
	before or while processing the request.
server closed the connection unexpectedly
	This probably means the server terminated abnormally
	before or while processing the request.

[SQL: SELECT DISTINCT client_master.client_name AS client_master_client_name 
FROM client_master]
(Background on this error at: https://sqlalche.me/e/20/e3q8)
2026-02-23 11:38:16,313 - exim_tms - INFO - Starting Exim TMS API Application...
2026-02-23 11:38:17,775 - exim_tms - INFO - Starting Exim TMS API Application...
2026-02-23 11:38:24,446 - exim_tms - INFO - Starting Exim TMS API Application...
2026-02-23 11:38:25,256 - exim_tms - INFO - Starting Exim TMS API Application...
2026-02-23 11:38:38,975 - exim_tms - INFO - Starting Exim TMS API Application...
2026-02-23 11:38:40,062 - exim_tms - INFO - Starting Exim TMS API Application...
2026-02-23 11:48:47,706 - exim_tms - INFO - Starting Exim TMS API Application...
2026-02-23 11:48:50,396 - exim_tms - INFO - Starting Exim TMS API Application...
2026-02-23 11:48:51,161 - exim_tms - INFO - Starting Exim TMS API Application...
2026-02-23 07:59:51,038 - exim_tms - INFO - Starting Exim TMS API Application...
2026-02-23 07:59:51,039 - exim_tms - INFO - Starting Exim TMS API Application...
2026-02-23 08:00:59,048 - exim_tms - INFO - Starting Exim TMS API Application...
2026-02-23 08:00:59,048 - exim_tms - INFO - Starting Exim TMS API Application...
2026-02-23 10:14:49,015 - exim_tms - INFO - Starting Exim TMS API Application...
2026-02-23 10:14:49,015 - exim_tms - INFO - Starting Exim TMS API Application...
2026-02-23 10:37:58,650 - exim_tms - INFO - Starting Exim TMS API Application...
2026-02-23 10:37:58,652 - exim_tms - INFO - Starting Exim TMS API Application...
2026-02-23 10:39:09,708 - exim_tms - INFO - Processing tracking documents update for enquiry ID 13
2026-02-23 10:39:09,711 - exim_tms - INFO - Updating existing shipment status for enquiry ID 13
2026-02-23 10:39:09,721 - exim_tms - INFO - Successfully processed shipment status for enquiry ID 13
2026-02-23 10:39:09,721 - exim_tms - INFO - Saving document 'clientConfirm' for enquiry_id=13
2026-02-23 10:39:09,733 - exim_tms - INFO - Document saved successfully: /home/azureuser/uploads/61a67d00-c3e6-40dc-9975-7079ce41f849.pdf
2026-02-23 10:39:09,733 - exim_tms - INFO - Successfully processed 1 documents for enquiry ID 13
2026-02-23 10:39:51,108 - exim_tms - INFO - Processing tracking documents update for enquiry ID 13
2026-02-23 10:39:51,111 - exim_tms - INFO - Updating existing shipment status for enquiry ID 13
2026-02-23 10:39:51,121 - exim_tms - INFO - Successfully processed shipment status for enquiry ID 13
2026-02-23 10:39:51,122 - exim_tms - INFO - Saving document 'booking' for enquiry_id=13
2026-02-23 10:39:51,130 - exim_tms - INFO - Document saved successfully: /home/azureuser/uploads/118d2c59-b4bc-4c88-bc17-ae5f27a80555.pdf
2026-02-23 10:39:51,130 - exim_tms - INFO - Successfully processed 1 documents for enquiry ID 13
2026-02-23 11:07:32,127 - exim_tms - INFO - Recording new payment UTR SBIN326052888934 for enquiry 24
2026-02-23 11:12:37,944 - exim_tms - INFO - Processing tracking documents update for enquiry ID 24
2026-02-23 11:12:37,947 - exim_tms - INFO - Updating existing shipment status for enquiry ID 24
2026-02-23 11:12:37,956 - exim_tms - INFO - Successfully processed shipment status for enquiry ID 24
2026-02-23 11:12:37,956 - exim_tms - INFO - Successfully processed 0 documents for enquiry ID 24
2026-02-23 11:18:19,602 - exim_tms - INFO - Processing tracking documents update for enquiry ID 24
2026-02-23 11:18:19,605 - exim_tms - INFO - Updating existing shipment status for enquiry ID 24
2026-02-23 11:18:19,613 - exim_tms - INFO - Successfully processed shipment status for enquiry ID 24
2026-02-23 11:18:19,613 - exim_tms - INFO - Saving document 'shippingInvoice' for enquiry_id=24
2026-02-23 11:18:19,620 - exim_tms - INFO - Document saved successfully: /home/azureuser/uploads/d82018f9-69dc-4565-bc37-470308a1c78b.pdf
2026-02-23 11:18:19,620 - exim_tms - INFO - Saving document 'clientConfirm' for enquiry_id=24
2026-02-23 11:18:19,626 - exim_tms - INFO - Document saved successfully: /home/azureuser/uploads/6891f8df-5cec-4e38-a129-a3bbbb560a8c.pdf
2026-02-23 11:18:19,627 - exim_tms - INFO - Saving document 'booking' for enquiry_id=24
2026-02-23 11:18:19,632 - exim_tms - INFO - Document saved successfully: /home/azureuser/uploads/d637db2d-935e-4e11-93c1-2e4cfae3a7d3.pdf
2026-02-23 11:18:19,632 - exim_tms - INFO - Saving document 'si' for enquiry_id=24
2026-02-23 11:18:19,639 - exim_tms - INFO - Document saved successfully: /home/azureuser/uploads/2c441ae1-6ad8-434a-88e2-c7afd6d09655.pdf
2026-02-23 11:18:19,639 - exim_tms - INFO - Saving document 'shippingBill' for enquiry_id=24
2026-02-23 11:18:19,645 - exim_tms - INFO - Document saved successfully: /home/azureuser/uploads/fdb98d5f-a354-4678-943a-93debda0200c.pdf
2026-02-23 11:18:19,645 - exim_tms - INFO - Successfully processed 5 documents for enquiry ID 24
2026-02-23 11:44:08,014 - exim_tms - INFO - Generating invoice PDF for enquiry ID 24
2026-02-23 11:44:19,380 - exim_tms - INFO - Generating invoice PDF for enquiry ID 24
2026-02-23 11:44:34,831 - exim_tms - INFO - Generating invoice PDF for enquiry ID 24
2026-02-23 11:45:29,894 - exim_tms - INFO - Generating invoice PDF for enquiry ID 24
2026-02-23 11:45:49,702 - exim_tms - INFO - Generating invoice PDF for enquiry ID 24
2026-02-23 12:06:28,278 - exim_tms - INFO - Generating invoice PDF for enquiry ID 24
2026-02-23 12:06:28,321 - exim_tms - INFO - Successfully generated invoice PDF INV_EXIM-2026-003.pdf for enquiry 24
2026-02-23 12:07:31,813 - exim_tms - INFO - Generating invoice PDF for enquiry ID 24
2026-02-23 12:07:31,854 - exim_tms - INFO - Successfully generated invoice PDF INV_EXIM-2026-003.pdf for enquiry 24
2026-02-23 12:19:11,797 - exim_tms - INFO - Starting Exim TMS API Application...
2026-02-23 12:19:11,810 - exim_tms - INFO - Starting Exim TMS API Application...
2026-02-23 12:19:57,428 - exim_tms - INFO - Processing tracking documents update for enquiry ID 24
2026-02-23 12:19:57,436 - exim_tms - INFO - Updating existing shipment status for enquiry ID 24
2026-02-23 12:19:57,448 - exim_tms - INFO - Successfully processed shipment status for enquiry ID 24
2026-02-23 12:19:57,448 - exim_tms - INFO - Successfully processed 0 documents for enquiry ID 24
2026-02-23 12:20:09,412 - exim_tms - INFO - Generating invoice PDF for enquiry ID 24
2026-02-23 12:20:09,457 - exim_tms - INFO - Successfully generated invoice PDF INV_EXIM-2026-003.pdf for enquiry 24
2026-02-23 12:36:43,345 - exim_tms - INFO - Starting Exim TMS API Application...
2026-02-23 12:36:43,352 - exim_tms - INFO - Starting Exim TMS API Application...
2026-02-23 12:37:01,538 - exim_tms - INFO - Generating invoice PDF for enquiry ID 24
2026-02-23 12:37:01,587 - exim_tms - INFO - Successfully generated invoice PDF INV_EXIM-2026-003.pdf for enquiry 24
2026-02-23 12:43:57,363 - exim_tms - INFO - Starting Exim TMS API Application...
2026-02-23 12:43:57,367 - exim_tms - INFO - Starting Exim TMS API Application...
2026-02-23 12:44:11,624 - exim_tms - INFO - Generating invoice PDF for enquiry ID 24
2026-02-23 12:44:11,674 - exim_tms - INFO - Successfully generated invoice PDF INV_EXIM-2026-003.pdf for enquiry 24
2026-02-23 12:44:52,862 - exim_tms - INFO - Generating invoice PDF for enquiry ID 24
2026-02-23 12:44:52,925 - exim_tms - INFO - Successfully generated invoice PDF INV_EXIM-2026-003.pdf for enquiry 24
2026-02-23 12:52:08,172 - exim_tms - INFO - Starting Exim TMS API Application...
2026-02-23 12:52:08,177 - exim_tms - INFO - Starting Exim TMS API Application...
2026-02-23 12:52:32,058 - exim_tms - INFO - Generating invoice PDF for enquiry ID 24
2026-02-23 12:52:32,109 - exim_tms - INFO - Successfully generated invoice PDF INV_EXIM-2026-003.pdf for enquiry 24
2026-02-24 10:42:16,028 - exim_tms - INFO - Starting Exim TMS API Application...
2026-02-24 10:42:19,576 - exim_tms - INFO - Starting Exim TMS API Application...
2026-02-24 10:42:20,779 - exim_tms - INFO - Starting Exim TMS API Application...
2026-02-24 10:58:09,624 - exim_tms - INFO - Starting Exim TMS API Application...
2026-02-24 10:58:10,708 - exim_tms - INFO - Starting Exim TMS API Application...
2026-02-24 11:05:54,652 - exim_tms - INFO - Starting Exim TMS API Application...
2026-02-24 11:05:55,734 - exim_tms - INFO - Starting Exim TMS API Application...
2026-02-24 11:06:02,766 - exim_tms - INFO - Starting Exim TMS API Application...
2026-02-24 11:06:03,800 - exim_tms - INFO - Starting Exim TMS API Application...
2026-02-24 11:06:07,396 - exim_tms - INFO - Starting Exim TMS API Application...
2026-02-24 11:06:08,145 - exim_tms - INFO - Starting Exim TMS API Application...
2026-02-24 11:06:15,422 - exim_tms - INFO - Starting Exim TMS API Application...
2026-02-24 11:06:16,141 - exim_tms - INFO - Starting Exim TMS API Application...
2026-02-24 11:06:38,968 - exim_tms - INFO - Starting Exim TMS API Application...
2026-02-24 11:06:39,967 - exim_tms - INFO - Starting Exim TMS API Application...
2026-02-24 11:46:33,822 - exim_tms - INFO - Starting Exim TMS API Application...
2026-02-24 11:46:34,738 - exim_tms - INFO - Starting Exim TMS API Application...
2026-02-24 11:47:22,511 - exim_tms - INFO - Starting Exim TMS API Application...
2026-02-24 11:47:23,648 - exim_tms - INFO - Starting Exim TMS API Application...
2026-02-24 11:47:32,404 - exim_tms - INFO - Starting Exim TMS API Application...
2026-02-24 11:47:33,291 - exim_tms - INFO - Starting Exim TMS API Application...
2026-02-24 11:50:23,273 - exim_tms - INFO - Starting Exim TMS API Application...
2026-02-24 11:50:24,270 - exim_tms - INFO - Starting Exim TMS API Application...
2026-02-24 11:51:33,347 - exim_tms - INFO - Starting Exim TMS API Application...
2026-02-24 11:51:36,659 - exim_tms - INFO - Starting Exim TMS API Application...
2026-02-24 11:51:37,863 - exim_tms - INFO - Starting Exim TMS API Application...
2026-02-24 12:05:36,179 - exim_tms - INFO - Starting Exim TMS API Application...
2026-02-24 12:05:37,477 - exim_tms - INFO - Starting Exim TMS API Application...
2026-02-24 12:05:47,270 - exim_tms - INFO - Starting Exim TMS API Application...
2026-02-24 12:05:48,100 - exim_tms - INFO - Starting Exim TMS API Application...
2026-02-24 12:10:30,643 - exim_tms - INFO - Starting Exim TMS API Application...
2026-02-24 12:10:31,479 - exim_tms - INFO - Starting Exim TMS API Application...
2026-02-24 12:10:42,343 - exim_tms - INFO - Starting Exim TMS API Application...
2026-02-24 12:10:43,494 - exim_tms - INFO - Starting Exim TMS API Application...
2026-02-24 12:11:29,220 - exim_tms - INFO - Starting Exim TMS API Application...
2026-02-24 12:11:30,095 - exim_tms - INFO - Starting Exim TMS API Application...
2026-02-24 12:11:50,787 - exim_tms - INFO - Starting Exim TMS API Application...
2026-02-24 12:11:51,937 - exim_tms - INFO - Starting Exim TMS API Application...
2026-02-24 12:12:34,932 - exim_tms - INFO - Starting Exim TMS API Application...
2026-02-24 12:12:36,058 - exim_tms - INFO - Starting Exim TMS API Application...
2026-02-24 12:12:57,051 - exim_tms - INFO - Starting Exim TMS API Application...
2026-02-24 12:12:58,329 - exim_tms - INFO - Starting Exim TMS API Application...
2026-02-24 12:16:23,243 - exim_tms - INFO - Starting Exim TMS API Application...
2026-02-24 12:16:24,041 - exim_tms - INFO - Starting Exim TMS API Application...
2026-02-24 12:16:37,416 - exim_tms - INFO - Starting Exim TMS API Application...
2026-02-24 12:16:38,622 - exim_tms - INFO - Starting Exim TMS API Application...
2026-02-24 12:18:23,248 - exim_tms - INFO - Starting Exim TMS API Application...
2026-02-24 12:18:24,331 - exim_tms - INFO - Starting Exim TMS API Application...
2026-02-24 12:18:35,355 - exim_tms - INFO - Starting Exim TMS API Application...
2026-02-24 12:18:36,436 - exim_tms - INFO - Starting Exim TMS API Application...
2026-02-24 12:18:42,752 - exim_tms - INFO - Starting Exim TMS API Application...
2026-02-24 12:18:43,920 - exim_tms - INFO - Starting Exim TMS API Application...
2026-02-24 12:18:46,727 - exim_tms - INFO - Starting Exim TMS API Application...
2026-02-24 12:18:47,526 - exim_tms - INFO - Starting Exim TMS API Application...
2026-02-24 12:19:04,753 - exim_tms - INFO - Starting Exim TMS API Application...
2026-02-24 12:19:05,911 - exim_tms - INFO - Starting Exim TMS API Application...
2026-02-24 12:19:12,959 - exim_tms - INFO - Starting Exim TMS API Application...
2026-02-24 12:19:14,114 - exim_tms - INFO - Starting Exim TMS API Application...
2026-02-24 12:19:31,782 - exim_tms - INFO - Starting Exim TMS API Application...
2026-02-24 12:19:35,062 - exim_tms - INFO - Starting Exim TMS API Application...
2026-02-24 12:19:36,224 - exim_tms - INFO - Starting Exim TMS API Application...
2026-02-24 12:24:26,003 - exim_tms - INFO - Starting Exim TMS API Application...
2026-02-24 12:24:29,388 - exim_tms - INFO - Starting Exim TMS API Application...
2026-02-24 12:24:30,439 - exim_tms - INFO - Starting Exim TMS API Application...
2026-02-24 12:43:22,323 - exim_tms - ERROR - Error fetching clients for config.js: (psycopg2.OperationalError) server closed the connection unexpectedly
	This probably means the server terminated abnormally
	before or while processing the request.
server closed the connection unexpectedly
	This probably means the server terminated abnormally
	before or while processing the request.

[SQL: SELECT DISTINCT client_master.client_name AS client_master_client_name 
FROM client_master]
(Background on this error at: https://sqlalche.me/e/20/e3q8)
2026-02-24 12:48:49,704 - exim_tms - INFO - Starting Exim TMS API Application...
2026-02-24 12:48:50,516 - exim_tms - INFO - Starting Exim TMS API Application...
2026-02-24 13:01:20,382 - exim_tms - INFO - User admin logged in (JSON).
2026-02-24 13:12:16,410 - exim_tms - INFO - Starting Exim TMS API Application...
2026-02-24 13:12:19,808 - exim_tms - INFO - Starting Exim TMS API Application...
2026-02-24 13:12:20,838 - exim_tms - INFO - Starting Exim TMS API Application...
2026-02-24 13:13:26,061 - exim_tms - INFO - User admin logged in (JSON).
2026-02-24 13:30:45,495 - exim_tms - INFO - User Rohit logged in (JSON).
2026-02-24 13:31:39,208 - exim_tms - INFO - User admin logged in (JSON).
2026-02-24 13:35:21,518 - exim_tms - INFO - Starting Exim TMS API Application...
2026-02-24 13:35:24,652 - exim_tms - INFO - Starting Exim TMS API Application...
2026-02-24 13:35:25,671 - exim_tms - INFO - Starting Exim TMS API Application...
2026-02-24 13:39:03,348 - exim_tms - INFO - Starting Exim TMS API Application...
2026-02-24 13:39:06,078 - exim_tms - INFO - Starting Exim TMS API Application...
2026-02-24 13:39:06,941 - exim_tms - INFO - Starting Exim TMS API Application...
2026-02-24 15:01:13,525 - exim_tms - INFO - Starting Exim TMS API Application...
2026-02-24 15:01:16,555 - exim_tms - INFO - Starting Exim TMS API Application...
2026-02-24 15:01:17,464 - exim_tms - INFO - Starting Exim TMS API Application...
2026-02-24 16:27:16,138 - exim_tms - INFO - Starting Exim TMS API Application...
2026-02-24 16:27:17,355 - exim_tms - INFO - Starting Exim TMS API Application...
2026-02-24 16:27:26,188 - exim_tms - INFO - Starting Exim TMS API Application...
2026-02-24 16:27:27,448 - exim_tms - INFO - Starting Exim TMS API Application...
2026-02-24 16:27:45,970 - exim_tms - INFO - Starting Exim TMS API Application...
2026-02-24 16:27:47,174 - exim_tms - INFO - Starting Exim TMS API Application...
2026-02-24 17:56:20,338 - exim_tms - INFO - Starting Exim TMS API Application...
2026-02-24 17:56:21,391 - exim_tms - INFO - Starting Exim TMS API Application...
2026-02-24 18:15:45,980 - exim_tms - INFO - Starting Exim TMS API Application...
2026-02-24 18:15:47,180 - exim_tms - INFO - Starting Exim TMS API Application...
2026-02-24 18:16:10,978 - exim_tms - INFO - Starting Exim TMS API Application...
2026-02-24 18:16:11,825 - exim_tms - INFO - Starting Exim TMS API Application...
2026-02-24 18:16:32,101 - exim_tms - INFO - Starting Exim TMS API Application...
2026-02-24 18:16:33,243 - exim_tms - INFO - Starting Exim TMS API Application...
2026-02-25 10:31:47,832 - exim_tms - INFO - Starting Exim TMS API Application...
2026-02-25 10:31:48,970 - exim_tms - INFO - Starting Exim TMS API Application...
2026-02-25 10:31:57,256 - exim_tms - INFO - Starting Exim TMS API Application...
2026-02-25 10:31:59,266 - exim_tms - INFO - Starting Exim TMS API Application...
2026-02-25 10:32:24,123 - exim_tms - INFO - Starting Exim TMS API Application...
2026-02-25 10:32:24,967 - exim_tms - INFO - Starting Exim TMS API Application...
2026-02-25 10:33:52,446 - exim_tms - INFO - Generating invoice PDF for enquiry ID 24
2026-02-25 10:33:53,132 - exim_tms - INFO - Successfully generated invoice PDF INV_EXIM-2026-003.pdf for enquiry 24
2026-02-25 10:35:12,955 - exim_tms - INFO - Generating invoice PDF for enquiry ID 24
2026-02-25 10:35:14,182 - exim_tms - INFO - Successfully generated invoice PDF INV_EXIM-2026-003.pdf for enquiry 24
2026-02-25 10:35:55,774 - exim_tms - INFO - Starting Exim TMS API Application...
2026-02-25 10:35:57,045 - exim_tms - INFO - Starting Exim TMS API Application...
2026-02-25 10:36:02,288 - exim_tms - INFO - Starting Exim TMS API Application...
2026-02-25 10:36:03,358 - exim_tms - INFO - Starting Exim TMS API Application...
2026-02-25 10:36:32,817 - exim_tms - INFO - Starting Exim TMS API Application...
2026-02-25 10:36:38,416 - exim_tms - INFO - Starting Exim TMS API Application...
2026-02-25 10:36:40,361 - exim_tms - INFO - Starting Exim TMS API Application...
2026-02-25 10:37:20,100 - exim_tms - INFO - Generating invoice PDF for enquiry ID 24
2026-02-25 10:37:21,090 - exim_tms - INFO - Successfully generated invoice PDF INV_EXIM-2026-003.pdf for enquiry 24
2026-02-25 11:13:19,488 - exim_tms - INFO - Starting Exim TMS API Application...
2026-02-25 11:13:20,781 - exim_tms - INFO - Starting Exim TMS API Application...
2026-02-25 11:15:15,433 - exim_tms - INFO - Generating invoice PDF for enquiry ID 24
2026-02-25 11:15:16,071 - exim_tms - INFO - Successfully generated invoice PDF INV_EXIM-2026-003.pdf for enquiry 24
2026-02-25 11:19:13,090 - exim_tms - INFO - Starting Exim TMS API Application...
2026-02-25 11:19:14,243 - exim_tms - INFO - Starting Exim TMS API Application...
2026-02-25 11:19:34,294 - exim_tms - INFO - Starting Exim TMS API Application...
2026-02-25 11:19:35,129 - exim_tms - INFO - Starting Exim TMS API Application...
2026-02-25 11:22:08,485 - exim_tms - INFO - Generating invoice PDF for enquiry ID 24
2026-02-25 11:22:08,986 - exim_tms - INFO - Successfully generated invoice PDF INV_EXIM-2026-003.pdf for enquiry 24
2026-02-25 11:24:27,153 - exim_tms - INFO - Received request to create quote for enquiry 14
2026-02-25 11:24:27,424 - exim_tms - INFO - Generated quote number EXIM-2026-002-Q001 for enquiry_id=14
2026-02-25 11:24:27,763 - exim_tms - INFO - Quote EXIM-2026-002-Q001 created successfully with ID 20
2026-02-25 11:29:19,850 - exim_tms - INFO - Received update request for quote ID 20
2026-02-25 11:29:21,308 - exim_tms - INFO - Updated enquiry ID 14
2026-02-25 11:56:17,267 - exim_tms - INFO - Processing tracking documents update for enquiry ID 24
2026-02-25 11:56:17,368 - exim_tms - INFO - Updating existing shipment status for enquiry ID 24
2026-02-25 11:56:17,606 - exim_tms - INFO - Successfully processed shipment status for enquiry ID 24
2026-02-25 11:56:17,607 - exim_tms - INFO - Successfully processed 0 documents for enquiry ID 24
2026-02-25 11:58:58,327 - exim_tms - INFO - Starting Exim TMS API Application...
2026-02-25 11:58:59,115 - exim_tms - INFO - Starting Exim TMS API Application...
2026-02-25 12:03:31,686 - exim_tms - INFO - Starting Exim TMS API Application...
2026-02-25 12:03:34,366 - exim_tms - INFO - Starting Exim TMS API Application...
2026-02-25 12:03:35,278 - exim_tms - INFO - Starting Exim TMS API Application...
2026-02-25 14:16:03,009 - exim_tms - INFO - Starting Exim TMS API Application...
2026-02-25 14:16:07,974 - exim_tms - INFO - Starting Exim TMS API Application...
2026-02-25 14:16:09,241 - exim_tms - INFO - Starting Exim TMS API Application...
2026-02-25 14:16:25,780 - exim_tms - INFO - User Rohit logged in (JSON).
2026-02-25 14:28:16,600 - exim_tms - INFO - Created new enquiry: EXIM-2026-004 (ID: 25)
2026-02-25 14:32:30,426 - exim_tms - INFO - Received request to create quote for enquiry 25
2026-02-25 14:32:30,685 - exim_tms - INFO - Generated quote number EXIM-2026-004-Q001 for enquiry_id=25
2026-02-25 14:32:31,075 - exim_tms - INFO - Quote EXIM-2026-004-Q001 created successfully with ID 21
2026-02-25 14:32:31,249 - exim_tms - INFO - Generating PDF quote for enquiry ID 25
2026-02-25 14:32:31,487 - exim_tms - INFO - Successfully generated PDF for enquiry 25
2026-02-25 14:32:49,470 - exim_tms - INFO - Received update request for quote ID 21
2026-02-25 14:36:49,232 - exim_tms - INFO - Received update request for quote ID 21
2026-02-25 14:36:50,881 - exim_tms - INFO - Updated enquiry ID 25
2026-02-25 14:41:21,946 - exim_tms - INFO - Processing tracking documents update for enquiry ID 25
2026-02-25 14:41:22,545 - exim_tms - INFO - Creating new shipment status for enquiry ID 25
2026-02-25 14:41:23,041 - exim_tms - INFO - Successfully processed shipment status for enquiry ID 25
2026-02-25 14:41:23,042 - exim_tms - INFO - Saving document 'shippingInvoice' for enquiry_id=25
2026-02-25 14:41:23,568 - exim_tms - INFO - Document saved successfully: /home/azureuser/uploads/89b25490-5549-4e6f-96d0-8d3060f8683f.pdf
2026-02-25 14:41:23,571 - exim_tms - INFO - Saving document 'clientConfirm' for enquiry_id=25
2026-02-25 14:41:24,253 - exim_tms - INFO - Document saved successfully: /home/azureuser/uploads/af2d5a1e-ba1e-4540-9bc5-e087fdee41cd.pdf
2026-02-25 14:41:24,254 - exim_tms - INFO - Saving document 'booking' for enquiry_id=25
2026-02-25 14:41:24,825 - exim_tms - INFO - Document saved successfully: /home/azureuser/uploads/8709ca5a-a37c-4cde-ad5d-f2d0019b72ac.pdf
2026-02-25 14:41:24,826 - exim_tms - INFO - Saving document 'si' for enquiry_id=25
2026-02-25 14:41:25,531 - exim_tms - INFO - Document saved successfully: /home/azureuser/uploads/64f4aa98-b39e-470f-8d1e-f26881689fae.pdf
2026-02-25 14:41:25,532 - exim_tms - INFO - Saving document 'shippingBill' for enquiry_id=25
2026-02-25 14:41:25,771 - exim_tms - INFO - Document saved successfully: /home/azureuser/uploads/0ae62296-5b8b-4286-9420-444769599870.pdf
2026-02-25 14:41:25,772 - exim_tms - INFO - Successfully processed 5 documents for enquiry ID 25
2026-02-25 14:50:50,470 - exim_tms - INFO - Processing tracking documents update for enquiry ID 25
2026-02-25 14:50:50,572 - exim_tms - INFO - Updating existing shipment status for enquiry ID 25
2026-02-25 14:50:50,741 - exim_tms - INFO - Successfully processed shipment status for enquiry ID 25
2026-02-25 14:50:50,742 - exim_tms - INFO - Saving document 'shippingInvoice' for enquiry_id=25
2026-02-25 14:50:50,986 - exim_tms - INFO - Document saved successfully: /home/azureuser/uploads/464d1cfa-710c-4ad0-8e3e-1fc615a37760.pdf
2026-02-25 14:50:50,987 - exim_tms - INFO - Saving document 'clientConfirm' for enquiry_id=25
2026-02-25 14:50:51,224 - exim_tms - INFO - Document saved successfully: /home/azureuser/uploads/68e73924-cd98-4bc5-95e0-c6e3b2f584c3.pdf
2026-02-25 14:50:51,225 - exim_tms - INFO - Saving document 'booking' for enquiry_id=25
2026-02-25 14:50:51,737 - exim_tms - INFO - Document saved successfully: /home/azureuser/uploads/764cdbb9-f166-4219-a607-0a2bea960c5e.pdf
2026-02-25 14:50:51,737 - exim_tms - INFO - Saving document 'si' for enquiry_id=25
2026-02-25 14:50:52,010 - exim_tms - INFO - Document saved successfully: /home/azureuser/uploads/85f874aa-308c-4381-8854-39727d503853.pdf
2026-02-25 14:50:52,011 - exim_tms - INFO - Saving document 'shippingBill' for enquiry_id=25
2026-02-25 14:50:52,200 - exim_tms - INFO - Document saved successfully: /home/azureuser/uploads/dc2eb0fc-4134-46fb-a1e3-555d1c472013.pdf
2026-02-25 14:50:52,201 - exim_tms - INFO - Successfully processed 5 documents for enquiry ID 25
2026-02-25 14:51:49,430 - exim_tms - INFO - Recording new payment UTR SBIN123456 for enquiry 25
2026-02-25 14:53:41,318 - exim_tms - INFO - Processing tracking documents update for enquiry ID 25
2026-02-25 14:53:41,491 - exim_tms - INFO - Updating existing shipment status for enquiry ID 25
2026-02-25 14:53:41,772 - exim_tms - INFO - Successfully processed shipment status for enquiry ID 25
2026-02-25 14:53:41,773 - exim_tms - INFO - Successfully processed 0 documents for enquiry ID 25
2026-02-25 14:55:25,208 - exim_tms - INFO - Generating invoice PDF for enquiry ID 25
2026-02-25 14:55:25,949 - exim_tms - INFO - Successfully generated invoice PDF INV_EXIM-2026-004.pdf for enquiry 25
2026-02-25 16:50:03,785 - exim_tms - INFO - Starting Exim TMS API Application...
2026-02-25 16:50:05,383 - exim_tms - INFO - Starting Exim TMS API Application...
