2026-02-21 10:42:06,214 - exim_tms - INFO - Starting Exim TMS API Application...
2026-02-21 10:42:09,782 - exim_tms - INFO - Starting Exim TMS API Application...
2026-02-21 10:42:10,946 - exim_tms - INFO - Starting Exim TMS API Application...
2026-02-21 10:44:12,877 - exim_tms - INFO - Starting Exim TMS API Application...
2026-02-21 10:44:25,562 - exim_tms - INFO - Starting Exim TMS API Application...
2026-02-21 10:44:26,857 - exim_tms - INFO - Starting Exim TMS API Application...
2026-02-21 10:56:54,705 - exim_tms - INFO - Starting Exim TMS API Application...
2026-02-21 10:56:55,572 - exim_tms - INFO - Starting Exim TMS API Application...
2026-02-21 10:59:46,725 - exim_tms - INFO - Starting Exim TMS API Application...
2026-02-21 10:59:49,914 - exim_tms - INFO - Starting Exim TMS API Application...
2026-02-21 10:59:51,245 - exim_tms - INFO - Starting Exim TMS API Application...
2026-02-21 11:01:15,510 - exim_tms - INFO - Starting Exim TMS API Application...
2026-02-21 11:01:16,572 - exim_tms - INFO - Starting Exim TMS API Application...
2026-02-21 11:01:59,063 - exim_tms - INFO - Starting Exim TMS API Application...
2026-02-21 11:01:59,941 - exim_tms - INFO - Starting Exim TMS API Application...
2026-02-21 11:03:14,805 - exim_tms - INFO - Starting Exim TMS API Application...
2026-02-21 11:03:15,944 - exim_tms - INFO - Starting Exim TMS API Application...
2026-02-21 11:05:19,980 - exim_tms - INFO - Starting Exim TMS API Application...
2026-02-21 11:05:21,377 - exim_tms - INFO - Starting Exim TMS API Application...
2026-02-21 11:05:50,333 - exim_tms - INFO - Starting Exim TMS API Application...
2026-02-21 11:05:53,351 - exim_tms - INFO - Starting Exim TMS API Application...
2026-02-21 11:05:54,428 - exim_tms - INFO - Starting Exim TMS API Application...
2026-02-21 11:07:19,012 - exim_tms - INFO - Starting Exim TMS API Application...
2026-02-21 11:07:20,347 - exim_tms - INFO - Starting Exim TMS API Application...
2026-02-21 11:08:20,394 - exim_tms - INFO - Starting Exim TMS API Application...
2026-02-21 11:08:21,425 - exim_tms - INFO - Starting Exim TMS API Application...
2026-02-21 11:08:27,821 - exim_tms - INFO - Starting Exim TMS API Application...
2026-02-21 11:08:28,948 - exim_tms - INFO - Starting Exim TMS API Application...
2026-02-21 11:12:24,291 - exim_tms - INFO - Created demo enquiry: DEMO-1590
2026-02-21 11:12:27,215 - exim_tms - INFO - Created demo enquiry: DEMO-3396
2026-02-21 11:12:29,661 - exim_tms - INFO - Created demo enquiry: DEMO-9064
2026-02-21 11:12:33,237 - exim_tms - INFO - Created demo enquiry: DEMO-8870
2026-02-21 11:12:36,771 - exim_tms - INFO - Created demo enquiry: DEMO-5310
2026-02-21 11:12:42,316 - exim_tms - INFO - Created demo enquiry: DEMO-9958
2026-02-21 11:12:45,374 - exim_tms - INFO - Created demo enquiry: DEMO-2698
2026-02-21 11:12:49,416 - exim_tms - INFO - Created demo enquiry: DEMO-1010
2026-02-21 11:13:02,698 - exim_tms - INFO - Created demo enquiry: DEMO-6859
2026-02-21 11:14:07,636 - exim_tms - INFO - Starting Exim TMS API Application...
2026-02-21 11:14:08,791 - exim_tms - INFO - Starting Exim TMS API Application...
2026-02-21 11:45:46,790 - exim_tms - INFO - Starting Exim TMS API Application...
2026-02-21 11:45:48,393 - exim_tms - INFO - Starting Exim TMS API Application...
2026-02-21 12:01:45,412 - exim_tms - INFO - Processing tracking documents update for enquiry ID 13
2026-02-21 12:01:45,530 - exim_tms - INFO - Updating existing shipment status for enquiry ID 13
2026-02-21 12:01:45,758 - exim_tms - INFO - Successfully processed shipment status for enquiry ID 13
2026-02-21 12:01:45,758 - exim_tms - INFO - Saving document 'draftSi' for enquiry_id=13
2026-02-21 12:01:45,969 - exim_tms - INFO - Document saved successfully: uploads\956777de-755b-4bea-b4ce-b02a4ea80e9c.pdf
2026-02-21 12:01:45,969 - exim_tms - INFO - Saving document 'si' for enquiry_id=13
2026-02-21 12:01:46,216 - exim_tms - INFO - Document saved successfully: uploads\388dcdfe-040d-4674-af1b-96478ed83999.pdf
2026-02-21 12:01:46,216 - exim_tms - INFO - Successfully processed 2 documents for enquiry ID 13
2026-02-21 12:02:20,051 - exim_tms - INFO - Processing tracking documents update for enquiry ID 13
2026-02-21 12:02:20,403 - exim_tms - INFO - Updating existing shipment status for enquiry ID 13
2026-02-21 12:02:20,749 - exim_tms - INFO - Successfully processed shipment status for enquiry ID 13
2026-02-21 12:02:20,750 - exim_tms - INFO - Saving document 'shippingInvoice' for enquiry_id=13
2026-02-21 12:02:21,084 - exim_tms - INFO - Document saved successfully: uploads\ab237a4e-ad62-4c0b-ba36-74b883a9e920.pdf
2026-02-21 12:02:21,084 - exim_tms - INFO - Successfully processed 1 documents for enquiry ID 13
2026-02-21 12:02:21,710 - exim_tms - INFO - Processing tracking documents update for enquiry ID 13
2026-02-21 12:02:22,038 - exim_tms - INFO - Updating existing shipment status for enquiry ID 13
2026-02-21 12:02:22,445 - exim_tms - INFO - Successfully processed shipment status for enquiry ID 13
2026-02-21 12:02:22,445 - exim_tms - INFO - Saving document 'shippingInvoice' for enquiry_id=13
2026-02-21 12:02:22,858 - exim_tms - INFO - Document saved successfully: uploads\eab598df-b5db-4341-a4a8-4311736775b0.pdf
2026-02-21 12:02:22,859 - exim_tms - INFO - Successfully processed 1 documents for enquiry ID 13
2026-02-21 12:16:13,795 - exim_tms - INFO - Starting Exim TMS API Application...
2026-02-21 12:16:15,091 - exim_tms - INFO - Starting Exim TMS API Application...
2026-02-21 12:18:05,195 - exim_tms - INFO - Starting Exim TMS API Application...
2026-02-21 12:18:06,673 - exim_tms - INFO - Starting Exim TMS API Application...
2026-02-21 12:19:08,560 - exim_tms - INFO - Starting Exim TMS API Application...
2026-02-21 12:19:09,645 - exim_tms - INFO - Starting Exim TMS API Application...
2026-02-21 12:19:34,278 - exim_tms - INFO - Starting Exim TMS API Application...
2026-02-21 12:19:36,004 - exim_tms - INFO - Starting Exim TMS API Application...
2026-02-21 12:24:23,698 - exim_tms - INFO - Starting Exim TMS API Application...
2026-02-21 12:24:24,915 - exim_tms - INFO - Starting Exim TMS API Application...
2026-02-21 12:25:32,988 - exim_tms - INFO - Starting Exim TMS API Application...
2026-02-21 12:25:34,003 - exim_tms - INFO - Starting Exim TMS API Application...
2026-02-21 12:25:52,933 - exim_tms - INFO - Starting Exim TMS API Application...
2026-02-21 12:25:54,124 - exim_tms - INFO - Starting Exim TMS API Application...
2026-02-21 12:26:22,201 - exim_tms - INFO - Starting Exim TMS API Application...
2026-02-21 12:26:23,202 - exim_tms - INFO - Starting Exim TMS API Application...
2026-02-21 12:26:44,649 - exim_tms - INFO - Starting Exim TMS API Application...
2026-02-21 12:26:45,940 - exim_tms - INFO - Starting Exim TMS API Application...
2026-02-21 12:27:00,775 - exim_tms - INFO - Starting Exim TMS API Application...
2026-02-21 12:27:02,037 - exim_tms - INFO - Starting Exim TMS API Application...
2026-02-21 12:34:04,023 - exim_tms - INFO - User Rohit logged in successfully via JSON.
2026-02-21 12:34:11,873 - exim_tms - INFO - User Rohit logged in successfully via JSON.
2026-02-21 12:34:19,223 - exim_tms - INFO - User Rohit logged in successfully via JSON.
2026-02-21 12:50:12,251 - exim_tms - INFO - Starting Exim TMS API Application...
2026-02-21 12:50:13,731 - exim_tms - INFO - Starting Exim TMS API Application...
2026-02-21 12:51:05,548 - exim_tms - INFO - Starting Exim TMS API Application...
2026-02-21 12:51:06,857 - exim_tms - INFO - Starting Exim TMS API Application...
2026-02-21 12:51:48,672 - exim_tms - INFO - Starting Exim TMS API Application...
2026-02-21 12:51:49,969 - exim_tms - INFO - Starting Exim TMS API Application...
2026-02-21 12:52:11,506 - exim_tms - INFO - Starting Exim TMS API Application...
2026-02-21 12:52:12,626 - exim_tms - INFO - Starting Exim TMS API Application...
2026-02-21 12:52:45,081 - exim_tms - INFO - Starting Exim TMS API Application...
2026-02-21 12:52:46,193 - exim_tms - INFO - Starting Exim TMS API Application...
2026-02-21 12:52:56,170 - exim_tms - INFO - Starting Exim TMS API Application...
2026-02-21 12:52:57,114 - exim_tms - INFO - Starting Exim TMS API Application...
2026-02-21 12:59:59,050 - exim_tms - INFO - Starting Exim TMS API Application...
2026-02-21 13:00:00,295 - exim_tms - INFO - Starting Exim TMS API Application...
2026-02-21 15:52:21,637 - exim_tms - INFO - Starting Exim TMS API Application...
2026-02-21 15:52:25,003 - exim_tms - INFO - Starting Exim TMS API Application...
2026-02-21 15:52:26,184 - exim_tms - INFO - Starting Exim TMS API Application...
2026-02-21 15:59:46,096 - exim_tms - INFO - Starting Exim TMS API Application...
2026-02-21 15:59:47,148 - exim_tms - INFO - Starting Exim TMS API Application...
2026-02-21 15:59:56,274 - exim_tms - INFO - Starting Exim TMS API Application...
2026-02-21 15:59:57,759 - exim_tms - INFO - Starting Exim TMS API Application...
2026-02-21 16:04:10,546 - exim_tms - INFO - Starting Exim TMS API Application...
2026-02-21 16:04:11,321 - exim_tms - INFO - Starting Exim TMS API Application...
2026-02-21 16:11:32,810 - exim_tms - INFO - Starting Exim TMS API Application...
2026-02-21 16:11:36,200 - exim_tms - INFO - Starting Exim TMS API Application...
2026-02-21 16:11:37,276 - exim_tms - INFO - Starting Exim TMS API Application...
2026-02-21 16:15:49,694 - exim_tms - INFO - Starting Exim TMS API Application...
2026-02-21 16:15:50,452 - exim_tms - INFO - Starting Exim TMS API Application...
2026-02-21 16:15:55,382 - exim_tms - INFO - Starting Exim TMS API Application...
2026-02-21 16:15:56,505 - exim_tms - INFO - Starting Exim TMS API Application...
2026-02-21 16:46:56,087 - exim_tms - INFO - Starting Exim TMS API Application...
2026-02-21 16:46:57,409 - exim_tms - INFO - Starting Exim TMS API Application...
2026-02-21 16:48:50,738 - exim_tms - INFO - Starting Exim TMS API Application...
2026-02-21 16:48:51,661 - exim_tms - INFO - Starting Exim TMS API Application...
2026-02-21 16:53:11,652 - exim_tms - INFO - Starting Exim TMS API Application...
2026-02-21 16:53:12,842 - exim_tms - INFO - Starting Exim TMS API Application...
2026-02-21 16:53:17,869 - exim_tms - INFO - Starting Exim TMS API Application...
2026-02-21 16:53:18,823 - exim_tms - INFO - Starting Exim TMS API Application...
2026-02-21 16:58:08,172 - exim_tms - INFO - Starting Exim TMS API Application...
2026-02-21 16:58:10,888 - exim_tms - INFO - Starting Exim TMS API Application...
2026-02-21 16:58:11,727 - exim_tms - INFO - Starting Exim TMS API Application...
2026-02-21 17:15:35,083 - exim_tms - INFO - Starting Exim TMS API Application...
2026-02-21 17:15:38,758 - exim_tms - INFO - Starting Exim TMS API Application...
2026-02-21 17:15:40,035 - exim_tms - INFO - Starting Exim TMS API Application...
2026-02-21 17:43:08,246 - exim_tms - INFO - Starting Exim TMS API Application...
2026-02-21 17:43:09,639 - exim_tms - INFO - Starting Exim TMS API Application...
